{
    "collect_metrics - thermo and bruker - with spike-ins": {
        "content": [
            [
                [
                    {
                        "id": "test-bruker",
                        "base_peak_tic_up_to": 9999,
                        "filter_threshold": 0.00001,
                        "report_up_to_charge": 5,
                        "ms1_map_rt_bins": 1000,
                        "ms1_map_mz_bins": 1000,
                        "hdf5_put_under_subdataset": false,
                        "hdf5_write_metadata": false
                    },
                    "test-bruker.hdf5"
                ],
                [
                    {
                        "id": "test-thermo",
                        "vendor": "thermo",
                        "base_peak_tic_up_to": 9999,
                        "filter_threshold": 0.00001,
                        "report_up_to_charge": 5,
                        "ms1_map_rt_bins": 1000,
                        "ms1_map_mz_bins": 1000,
                        "hdf5_put_under_subdataset": false,
                        "hdf5_write_metadata": false
                    },
                    "test-thermo.hdf5"
                ]
            ]
        ],
        "timestamp": "2026-10-05T10:06:04.232733034",
        "meta": {
            "nf-test": "0.9.5",
            "nextflow": "26.04.6"
        }
    },
    "collect_metrics - thermo and bruker - without spike-ins": {
        "content": [
            [
                [
                    {
                        "id": "test-bruker",
                        "base_peak_tic_up_to": 9999,
                        "filter_threshold": 0.00001,
                        "report_up_to_charge": 5,
                        "ms1_map_rt_bins": 1000,
                        "ms1_map_mz_bins": 1000,
                        "hdf5_put_under_subdataset": false,
                        "hdf5_write_metadata": false
                    },
                    "test-bruker.hdf5"
                ],
                [
                    {
                        "id": "test-thermo",
                        "vendor": "thermo",
                        "base_peak_tic_up_to": 9999,
                        "filter_threshold": 0.00001,
                        "report_up_to_charge": 5,
                        "ms1_map_rt_bins": 1000,
                        "ms1_map_mz_bins": 1000,
                        "hdf5_put_under_subdataset": false,
                        "hdf5_write_metadata": false
                    },
                    "test-thermo.hdf5"
                ]
            ]
        ],
        "timestamp": "2026-10-05T10:07:02.547163241",
        "meta": {
            "nf-test": "0.9.5",
            "nextflow": "26.04.6"
        }
    }
}
