{
    "idmetricsextraction - metrics in mzQC": {
        "content": [
            {
                "MS:1003250": 117,
                "MS:1003251": 126,
                "MS:1003327": 41,
                "MS:4000178": 0.60209388,
                "MS:4000179": 6.74263049,
                "MS:4000206": [
                    -2.18364812,
                    0.05703282,
                    2.23789182
                ],
                "MS:4000209": {
                    "MS:1000041": [
                        1,
                        2,
                        3,
                        4,
                        5,
                        6
                    ],
                    "UO:0000191": [
                        0E-8,
                        0.84126984,
                        0.15873016,
                        0E-8,
                        0E-8,
                        0E-8
                    ]
                },
                "MS:4000214": 41,
                "MS:4000215": {
                    "MS:1003044": [
                        0,
                        1,
                        2,
                        3,
                        4
                    ],
                    "UO:0000191": [
                        0.71428571,
                        0.25396825,
                        0.03174603,
                        0E-8,
                        0E-8
                    ]
                }
            },
            {
                "versions_macproqc_helpers": [
                    [
                        "HDF5TOMZQC",
                        "macproqc_helpers",
                        "0.0.1 (commit 604eac1491d98bfaf916bad3758a97968200058b)"
                    ]
                ]
            }
        ],
        "timestamp": "2026-10-07T15:44:47.496449227",
        "meta": {
            "nf-test": "0.9.5",
            "nextflow": "26.04.6"
        }
    }
}